108.239.135.40 - - [28/Jun/2015:17:07:18 +0000] "GET /static/admin/img/nav-bg-reverse.gif HTTP/1.1" 304 - "http://djangotest.sfvue.com/static/admin/css/base.css" "Mozilla/5.0 (Macintosh; Intel Mac OS X 10_9_5) AppleWebKit/537.36 (KHTML, like Gecko) Chrome/43.0.2357.130 Safari/537.36"
108.239.135.40 - - [28/Jun/2015:17:07:18 +0000] "GET /static/admin/img/tooltag-add.png HTTP/1.1" 304 - "http://djangotest.sfvue.com/static/admin/css/base.css" "Mozilla/5.0 (Macintosh; Intel Mac OS X 10_9_5) AppleWebKit/537.36 (KHTML, like Gecko) Chrome/43.0.2357.130 Safari/537.36"
108.239.135.40 - - [28/Jun/2015:17:07:18 +0000] "GET /static/admin/img/nav-bg.gif HTTP/1.1" 304 - "http://djangotest.sfvue.com/admin/car/car/" "Mozilla/5.0 (Macintosh; Intel Mac OS X 10_9_5) AppleWebKit/537.36 (KHTML, like Gecko) Chrome/43.0.2357.130 Safari/537.36"
108.239.135.40 - - [28/Jun/2015:17:07:23 +0000] "GET /admin/car/car/4/ HTTP/1.1" 200 7818 "http://djangotest.sfvue.com/admin/car/car/" "Mozilla/5.0 (Macintosh; Intel Mac OS X 10_9_5) AppleWebKit/537.36 (KHTML, like Gecko) Chrome/43.0.2357.130 Safari/537.36"
108.239.135.40 - - [28/Jun/2015:17:07:23 +0000] "GET /static/admin/css/forms.css HTTP/1.1" 200 6283 "http://djangotest.sfvue.com/admin/car/car/4/" "Mozilla/5.0 (Macintosh; Intel Mac OS X 10_9_5) AppleWebKit/537.36 (KHTML, like Gecko) Chrome/43.0.2357.130 Safari/537.36"
108.239.135.40 - - [28/Jun/2015:17:07:23 +0000] "GET /static/admin/js/related-widget-wrapper.js HTTP/1.1" 200 857 "http://djangotest.sfvue.com/admin/car/car/4/" "Mozilla/5.0 (Macintosh; Intel Mac OS X 10_9_5) AppleWebKit/537.36 (KHTML, like Gecko) Chrome/43.0.2357.130 Safari/537.36"
108.239.135.40 - - [28/Jun/2015:17:07:23 +0000] "GET /admin/jsi18n/ HTTP/1.1" 200 2372 "http://djangotest.sfvue.com/admin/car/car/4/" "Mozilla/5.0 (Macintosh; Intel Mac OS X 10_9_5) AppleWebKit/537.36 (KHTML, like Gecko) Chrome/43.0.2357.130 Safari/537.36"
108.239.135.40 - - [28/Jun/2015:17:07:23 +0000] "GET /static/admin/img/icon_changelink.gif HTTP/1.1" 304 - "http://djangotest.sfvue.com/admin/car/car/4/" "Mozilla/5.0 (Macintosh; Intel Mac OS X 10_9_5) AppleWebKit/537.36 (KHTML, like Gecko) Chrome/43.0.2357.130 Safari/537.36"
108.239.135.40 - - [28/Jun/2015:17:07:23 +0000] "GET /static/admin/css/widgets.css HTTP/1.1" 200 10590 "http://djangotest.sfvue.com/admin/car/car/4/" "Mozilla/5.0 (Macintosh; Intel Mac OS X 10_9_5) AppleWebKit/537.36 (KHTML, like Gecko) Chrome/43.0.2357.130 Safari/537.36"
108.239.135.40 - - [28/Jun/2015:17:07:23 +0000] "GET /static/admin/img/icon_addlink.gif HTTP/1.1" 304 - "http://djangotest.sfvue.com/admin/car/car/4/" "Mozilla/5.0 (Macintosh; Intel Mac OS X 10_9_5) AppleWebKit/537.36 (KHTML, like Gecko) Chrome/43.0.2357.130 Safari/537.36"
108.239.135.40 - - [28/Jun/2015:17:07:23 +0000] "GET /static/admin/img/icon_deletelink.gif HTTP/1.1" 200 181 "http://djangotest.sfvue.com/static/admin/css/forms.css" "Mozilla/5.0 (Macintosh; Intel Mac OS X 10_9_5) AppleWebKit/537.36 (KHTML, like Gecko) Chrome/43.0.2357.130 Safari/537.36"
108.239.135.40 - - [28/Jun/2015:17:07:23 +0000] "GET /static/admin/img/default-bg.gif HTTP/1.1" 304 - "http://djangotest.sfvue.com/admin/car/car/4/" "Mozilla/5.0 (Macintosh; Intel Mac OS X 10_9_5) AppleWebKit/537.36 (KHTML, like Gecko) Chrome/43.0.2357.130 Safari/537.36"
::1 - - [28/Jun/2015:10:07:30 -0700] "OPTIONS * HTTP/1.0" 200 - "-" "Apache/2.4.6 (CentOS) PHP/5.4.16 mod_wsgi/3.4 Python/2.7.5 (internal dummy connection)"
::1 - - [28/Jun/2015:10:07:31 -0700] "OPTIONS * HTTP/1.0" 200 - "-" "Apache/2.4.6 (CentOS) PHP/5.4.16 mod_wsgi/3.4 Python/2.7.5 (internal dummy connection)"
108.239.135.40 - - [28/Jun/2015:17:07:31 +0000] "GET /admin/car/car/ HTTP/1.1" 200 6138 "http://djangotest.sfvue.com/admin/car/car/4/" "Mozilla/5.0 (Macintosh; Intel Mac OS X 10_9_5) AppleWebKit/537.36 (KHTML, like Gecko) Chrome/43.0.2357.130 Safari/537.36"
108.239.135.40 - - [28/Jun/2015:17:07:32 +0000] "GET /admin/jsi18n/ HTTP/1.1" 200 2372 "http://djangotest.sfvue.com/admin/car/car/" "Mozilla/5.0 (Macintosh; Intel Mac OS X 10_9_5) AppleWebKit/537.36 (KHTML, like Gecko) Chrome/43.0.2357.130 Safari/537.36"
::1 - - [28/Jun/2015:10:07:38 -0700] "OPTIONS * HTTP/1.0" 200 - "-" "Apache/2.4.6 (CentOS) PHP/5.4.16 mod_wsgi/3.4 Python/2.7.5 (internal dummy connection)"
108.239.135.40 - - [28/Jun/2015:17:08:50 +0000] "GET /cars/ HTTP/1.1" 200 545 "-" "Mozilla/5.0 (Macintosh; Intel Mac OS X 10_9_5) AppleWebKit/537.36 (KHTML, like Gecko) Chrome/43.0.2357.130 Safari/537.36"
108.239.135.40 - - [28/Jun/2015:17:08:50 +0000] "GET /static/css/car.css HTTP/1.1" 304 - "http://djangotest.sfvue.com/cars/" "Mozilla/5.0 (Macintosh; Intel Mac OS X 10_9_5) AppleWebKit/537.36 (KHTML, like Gecko) Chrome/43.0.2357.130 Safari/537.36"
108.239.135.40 - - [28/Jun/2015:17:10:05 +0000] "GET /cars/cars/BMW-M6-F12-Coupe-2014 HTTP/1.1" 404 2215 "http://djangotest.sfvue.com/cars/" "Mozilla/5.0 (Macintosh; Intel Mac OS X 10_9_5) AppleWebKit/537.36 (KHTML, like Gecko) Chrome/43.0.2357.130 Safari/537.36"
108.239.135.40 - - [28/Jun/2015:17:11:39 +0000] "GET /cars/ HTTP/1.1" 200 549 "-" "Mozilla/5.0 (Macintosh; Intel Mac OS X 10_9_5) AppleWebKit/537.36 (KHTML, like Gecko) Chrome/43.0.2357.130 Safari/537.36"
108.239.135.40 - - [28/Jun/2015:17:11:39 +0000] "GET /static/css/car.css HTTP/1.1" 304 - "http://djangotest.sfvue.com/cars/" "Mozilla/5.0 (Macintosh; Intel Mac OS X 10_9_5) AppleWebKit/537.36 (KHTML, like Gecko) Chrome/43.0.2357.130 Safari/537.36"
108.239.135.40 - - [28/Jun/2015:17:11:47 +0000] "GET /cars/BMW-M6-F12-Coupe-2014 HTTP/1.1" 404 2200 "http://djangotest.sfvue.com/cars/" "Mozilla/5.0 (Macintosh; Intel Mac OS X 10_9_5) AppleWebKit/537.36 (KHTML, like Gecko) Chrome/43.0.2357.130 Safari/537.36"
123.125.71.113 - - [28/Jun/2015:17:55:34 +0000] "-" 408 - "-" "-"
::1 - - [28/Jun/2015:19:29:45 +0000] "OPTIONS * HTTP/1.0" 200 - "-" "Apache/2.4.6 (CentOS) PHP/5.4.16 mod_wsgi/3.4 Python/2.7.5 (internal dummy connection)"
::1 - - [28/Jun/2015:19:29:45 +0000] "OPTIONS * HTTP/1.0" 200 - "-" "Apache/2.4.6 (CentOS) PHP/5.4.16 mod_wsgi/3.4 Python/2.7.5 (internal dummy connection)"
::1 - - [28/Jun/2015:19:29:45 +0000] "OPTIONS * HTTP/1.0" 200 - "-" "Apache/2.4.6 (CentOS) PHP/5.4.16 mod_wsgi/3.4 Python/2.7.5 (internal dummy connection)"
::1 - - [28/Jun/2015:19:29:45 +0000] "OPTIONS * HTTP/1.0" 200 - "-" "Apache/2.4.6 (CentOS) PHP/5.4.16 mod_wsgi/3.4 Python/2.7.5 (internal dummy connection)"
::1 - - [28/Jun/2015:19:29:45 +0000] "OPTIONS * HTTP/1.0" 200 - "-" "Apache/2.4.6 (CentOS) PHP/5.4.16 mod_wsgi/3.4 Python/2.7.5 (internal dummy connection)"
::1 - - [28/Jun/2015:19:29:45 +0000] "OPTIONS * HTTP/1.0" 200 - "-" "Apache/2.4.6 (CentOS) PHP/5.4.16 mod_wsgi/3.4 Python/2.7.5 (internal dummy connection)"
::1 - - [28/Jun/2015:19:29:45 +0000] "OPTIONS * HTTP/1.0" 200 - "-" "Apache/2.4.6 (CentOS) PHP/5.4.16 mod_wsgi/3.4 Python/2.7.5 (internal dummy connection)"
::1 - - [28/Jun/2015:19:29:45 +0000] "OPTIONS * HTTP/1.0" 200 - "-" "Apache/2.4.6 (CentOS) PHP/5.4.16 mod_wsgi/3.4 Python/2.7.5 (internal dummy connection)"
::1 - - [28/Jun/2015:19:29:45 +0000] "OPTIONS * HTTP/1.0" 200 - "-" "Apache/2.4.6 (CentOS) PHP/5.4.16 mod_wsgi/3.4 Python/2.7.5 (internal dummy connection)"
::1 - - [28/Jun/2015:19:29:45 +0000] "OPTIONS * HTTP/1.0" 200 - "-" "Apache/2.4.6 (CentOS) PHP/5.4.16 mod_wsgi/3.4 Python/2.7.5 (internal dummy connection)"
::1 - - [28/Jun/2015:19:29:45 +0000] "OPTIONS * HTTP/1.0" 200 - "-" "Apache/2.4.6 (CentOS) PHP/5.4.16 mod_wsgi/3.4 Python/2.7.5 (internal dummy connection)"
::1 - - [28/Jun/2015:19:29:45 +0000] "OPTIONS * HTTP/1.0" 200 - "-" "Apache/2.4.6 (CentOS) PHP/5.4.16 mod_wsgi/3.4 Python/2.7.5 (internal dummy connection)"
::1 - - [28/Jun/2015:19:29:45 +0000] "OPTIONS * HTTP/1.0" 200 - "-" "Apache/2.4.6 (CentOS) PHP/5.4.16 mod_wsgi/3.4 Python/2.7.5 (internal dummy connection)"
108.239.135.40 - - [28/Jun/2015:19:30:04 +0000] "GET /cars/ HTTP/1.1" 200 549 "-" "Mozilla/5.0 (Macintosh; Intel Mac OS X 10_9_5) AppleWebKit/537.36 (KHTML, like Gecko) Chrome/43.0.2357.130 Safari/537.36"
108.239.135.40 - - [28/Jun/2015:19:30:04 +0000] "GET /static/css/car.css HTTP/1.1" 304 - "http://djangotest.sfvue.com/cars/" "Mozilla/5.0 (Macintosh; Intel Mac OS X 10_9_5) AppleWebKit/537.36 (KHTML, like Gecko) Chrome/43.0.2357.130 Safari/537.36"
108.239.135.40 - - [28/Jun/2015:19:30:13 +0000] "GET /cars/BMW-M6-F12-Coupe-2014 HTTP/1.1" 301 - "http://djangotest.sfvue.com/cars/" "Mozilla/5.0 (Macintosh; Intel Mac OS X 10_9_5) AppleWebKit/537.36 (KHTML, like Gecko) Chrome/43.0.2357.130 Safari/537.36"
108.239.135.40 - - [28/Jun/2015:19:30:13 +0000] "GET /cars/BMW-M6-F12-Coupe-2014/ HTTP/1.1" 200 296 "http://djangotest.sfvue.com/cars/" "Mozilla/5.0 (Macintosh; Intel Mac OS X 10_9_5) AppleWebKit/537.36 (KHTML, like Gecko) Chrome/43.0.2357.130 Safari/537.36"
108.239.135.40 - - [28/Jun/2015:19:30:24 +0000] "GET /cars/ HTTP/1.1" 200 549 "http://djangotest.sfvue.com/" "Mozilla/5.0 (Macintosh; Intel Mac OS X 10_9_5) AppleWebKit/537.36 (KHTML, like Gecko) Chrome/43.0.2357.130 Safari/537.36"
108.239.135.40 - - [28/Jun/2015:19:30:25 +0000] "GET /static/css/car.css HTTP/1.1" 304 - "http://djangotest.sfvue.com/cars/" "Mozilla/5.0 (Macintosh; Intel Mac OS X 10_9_5) AppleWebKit/537.36 (KHTML, like Gecko) Chrome/43.0.2357.130 Safari/537.36"
108.239.135.40 - - [28/Jun/2015:19:30:36 +0000] "GET /cars/BMW-M6-F12-Coupe-2014/ HTTP/1.1" 200 296 "http://djangotest.sfvue.com/cars/" "Mozilla/5.0 (Macintosh; Intel Mac OS X 10_9_5) AppleWebKit/537.36 (KHTML, like Gecko) Chrome/43.0.2357.130 Safari/537.36"
108.239.135.40 - - [28/Jun/2015:20:19:10 +0000] "GET /admin/ HTTP/1.1" 200 6242 "-" "Mozilla/5.0 (Macintosh; Intel Mac OS X 10_9_5) AppleWebKit/537.36 (KHTML, like Gecko) Chrome/43.0.2357.130 Safari/537.36"
108.239.135.40 - - [28/Jun/2015:20:19:10 +0000] "GET /static/admin/css/dashboard.css HTTP/1.1" 304 - "http://djangotest.sfvue.com/admin/" "Mozilla/5.0 (Macintosh; Intel Mac OS X 10_9_5) AppleWebKit/537.36 (KHTML, like Gecko) Chrome/43.0.2357.130 Safari/537.36"
108.239.135.40 - - [28/Jun/2015:20:19:17 +0000] "GET /admin/car/car/ HTTP/1.1" 200 6138 "http://djangotest.sfvue.com/admin/" "Mozilla/5.0 (Macintosh; Intel Mac OS X 10_9_5) AppleWebKit/537.36 (KHTML, like Gecko) Chrome/43.0.2357.130 Safari/537.36"
108.239.135.40 - - [28/Jun/2015:20:19:17 +0000] "GET /admin/jsi18n/ HTTP/1.1" 200 2372 "http://djangotest.sfvue.com/admin/car/car/" "Mozilla/5.0 (Macintosh; Intel Mac OS X 10_9_5) AppleWebKit/537.36 (KHTML, like Gecko) Chrome/43.0.2357.130 Safari/537.36"
::1 - - [28/Jun/2015:20:28:50 +0000] "OPTIONS * HTTP/1.0" 200 - "-" "Apache/2.4.6 (CentOS) PHP/5.4.16 mod_wsgi/3.4 Python/2.7.5 (internal dummy connection)"
::1 - - [28/Jun/2015:13:28:50 -0700] "OPTIONS * HTTP/1.0" 200 - "-" "Apache/2.4.6 (CentOS) PHP/5.4.16 mod_wsgi/3.4 Python/2.7.5 (internal dummy connection)"
::1 - - [28/Jun/2015:13:28:50 -0700] "OPTIONS * HTTP/1.0" 200 - "-" "Apache/2.4.6 (CentOS) PHP/5.4.16 mod_wsgi/3.4 Python/2.7.5 (internal dummy connection)"
::1 - - [28/Jun/2015:20:28:50 +0000] "OPTIONS * HTTP/1.0" 200 - "-" "Apache/2.4.6 (CentOS) PHP/5.4.16 mod_wsgi/3.4 Python/2.7.5 (internal dummy connection)"
::1 - - [28/Jun/2015:20:28:50 +0000] "OPTIONS * HTTP/1.0" 200 - "-" "Apache/2.4.6 (CentOS) PHP/5.4.16 mod_wsgi/3.4 Python/2.7.5 (internal dummy connection)"
::1 - - [28/Jun/2015:20:28:50 +0000] "OPTIONS * HTTP/1.0" 200 - "-" "Apache/2.4.6 (CentOS) PHP/5.4.16 mod_wsgi/3.4 Python/2.7.5 (internal dummy connection)"
108.239.135.40 - - [28/Jun/2015:20:29:02 +0000] "GET /cars/BMW-M6-F12-Coupe-2014/ HTTP/1.1" 500 138242 "http://djangotest.sfvue.com/cars/" "Mozilla/5.0 (Macintosh; Intel Mac OS X 10_9_5) AppleWebKit/537.36 (KHTML, like Gecko) Chrome/43.0.2357.130 Safari/537.36"
::1 - - [28/Jun/2015:20:29:52 +0000] "OPTIONS * HTTP/1.0" 200 - "-" "Apache/2.4.6 (CentOS) PHP/5.4.16 mod_wsgi/3.4 Python/2.7.5 (internal dummy connection)"
::1 - - [28/Jun/2015:13:29:52 -0700] "OPTIONS * HTTP/1.0" 200 - "-" "Apache/2.4.6 (CentOS) PHP/5.4.16 mod_wsgi/3.4 Python/2.7.5 (internal dummy connection)"
::1 - - [28/Jun/2015:13:29:52 -0700] "OPTIONS * HTTP/1.0" 200 - "-" "Apache/2.4.6 (CentOS) PHP/5.4.16 mod_wsgi/3.4 Python/2.7.5 (internal dummy connection)"
::1 - - [28/Jun/2015:13:29:52 -0700] "OPTIONS * HTTP/1.0" 200 - "-" "Apache/2.4.6 (CentOS) PHP/5.4.16 mod_wsgi/3.4 Python/2.7.5 (internal dummy connection)"
::1 - - [28/Jun/2015:13:29:52 -0700] "OPTIONS * HTTP/1.0" 200 - "-" "Apache/2.4.6 (CentOS) PHP/5.4.16 mod_wsgi/3.4 Python/2.7.5 (internal dummy connection)"
::1 - - [28/Jun/2015:13:29:52 -0700] "OPTIONS * HTTP/1.0" 200 - "-" "Apache/2.4.6 (CentOS) PHP/5.4.16 mod_wsgi/3.4 Python/2.7.5 (internal dummy connection)"
108.239.135.40 - - [28/Jun/2015:20:29:57 +0000] "GET /cars/BMW-M6-F12-Coupe-2014/ HTTP/1.1" 200 301 "http://djangotest.sfvue.com/cars/" "Mozilla/5.0 (Macintosh; Intel Mac OS X 10_9_5) AppleWebKit/537.36 (KHTML, like Gecko) Chrome/43.0.2357.130 Safari/537.36"
108.239.135.40 - - [28/Jun/2015:20:29:57 +0000] "GET /static/css/car.css HTTP/1.1" 304 - "http://djangotest.sfvue.com/cars/BMW-M6-F12-Coupe-2014/" "Mozilla/5.0 (Macintosh; Intel Mac OS X 10_9_5) AppleWebKit/537.36 (KHTML, like Gecko) Chrome/43.0.2357.130 Safari/537.36"
108.239.135.40 - - [28/Jun/2015:20:46:11 +0000] "GET /cars/ HTTP/1.1" 200 549 "-" "Mozilla/5.0 (Macintosh; Intel Mac OS X 10_9_5) AppleWebKit/537.36 (KHTML, like Gecko) Chrome/43.0.2357.130 Safari/537.36"
108.239.135.40 - - [28/Jun/2015:20:46:14 +0000] "GET /cars/Tesla-Roadster-2011 HTTP/1.1" 301 - "http://djangotest.sfvue.com/cars/" "Mozilla/5.0 (Macintosh; Intel Mac OS X 10_9_5) AppleWebKit/537.36 (KHTML, like Gecko) Chrome/43.0.2357.130 Safari/537.36"
108.239.135.40 - - [28/Jun/2015:20:46:14 +0000] "GET /cars/Tesla-Roadster-2011/ HTTP/1.1" 200 311 "http://djangotest.sfvue.com/cars/" "Mozilla/5.0 (Macintosh; Intel Mac OS X 10_9_5) AppleWebKit/537.36 (KHTML, like Gecko) Chrome/43.0.2357.130 Safari/537.36"
108.239.135.40 - - [28/Jun/2015:20:46:24 +0000] "GET /make/Tesla-Roadster-2011/ HTTP/1.1" 404 2326 "-" "Mozilla/5.0 (Macintosh; Intel Mac OS X 10_9_5) AppleWebKit/537.36 (KHTML, like Gecko) Chrome/43.0.2357.130 Safari/537.36"
::1 - - [28/Jun/2015:13:59:02 -0700] "OPTIONS * HTTP/1.0" 200 - "-" "Apache/2.4.6 (CentOS) PHP/5.4.16 mod_wsgi/3.4 Python/2.7.5 (internal dummy connection)"
::1 - - [28/Jun/2015:20:59:02 +0000] "OPTIONS * HTTP/1.0" 200 - "-" "Apache/2.4.6 (CentOS) PHP/5.4.16 mod_wsgi/3.4 Python/2.7.5 (internal dummy connection)"
::1 - - [28/Jun/2015:13:59:02 -0700] "OPTIONS * HTTP/1.0" 200 - "-" "Apache/2.4.6 (CentOS) PHP/5.4.16 mod_wsgi/3.4 Python/2.7.5 (internal dummy connection)"
::1 - - [28/Jun/2015:13:59:02 -0700] "OPTIONS * HTTP/1.0" 200 - "-" "Apache/2.4.6 (CentOS) PHP/5.4.16 mod_wsgi/3.4 Python/2.7.5 (internal dummy connection)"
::1 - - [28/Jun/2015:20:59:02 +0000] "OPTIONS * HTTP/1.0" 200 - "-" "Apache/2.4.6 (CentOS) PHP/5.4.16 mod_wsgi/3.4 Python/2.7.5 (internal dummy connection)"
::1 - - [28/Jun/2015:13:59:02 -0700] "OPTIONS * HTTP/1.0" 200 - "-" "Apache/2.4.6 (CentOS) PHP/5.4.16 mod_wsgi/3.4 Python/2.7.5 (internal dummy connection)"
108.239.135.40 - - [28/Jun/2015:20:59:25 +0000] "GET /cars/ HTTP/1.1" 200 549 "http://djangotest.sfvue.com/" "Mozilla/5.0 (Macintosh; Intel Mac OS X 10_9_5) AppleWebKit/537.36 (KHTML, like Gecko) Chrome/43.0.2357.130 Safari/537.36"
108.239.135.40 - - [28/Jun/2015:20:59:35 +0000] "GET /cars/Tesla-Roadster-2011/ HTTP/1.1" 200 311 "http://djangotest.sfvue.com/cars/" "Mozilla/5.0 (Macintosh; Intel Mac OS X 10_9_5) AppleWebKit/537.36 (KHTML, like Gecko) Chrome/43.0.2357.130 Safari/537.36"
::1 - - [28/Jun/2015:14:06:33 -0700] "OPTIONS * HTTP/1.0" 200 - "-" "Apache/2.4.6 (CentOS) PHP/5.4.16 mod_wsgi/3.4 Python/2.7.5 (internal dummy connection)"
::1 - - [28/Jun/2015:14:06:33 -0700] "OPTIONS * HTTP/1.0" 200 - "-" "Apache/2.4.6 (CentOS) PHP/5.4.16 mod_wsgi/3.4 Python/2.7.5 (internal dummy connection)"
::1 - - [28/Jun/2015:14:06:33 -0700] "OPTIONS * HTTP/1.0" 200 - "-" "Apache/2.4.6 (CentOS) PHP/5.4.16 mod_wsgi/3.4 Python/2.7.5 (internal dummy connection)"
::1 - - [28/Jun/2015:21:06:33 +0000] "OPTIONS * HTTP/1.0" 200 - "-" "Apache/2.4.6 (CentOS) PHP/5.4.16 mod_wsgi/3.4 Python/2.7.5 (internal dummy connection)"
::1 - - [28/Jun/2015:21:06:33 +0000] "OPTIONS * HTTP/1.0" 200 - "-" "Apache/2.4.6 (CentOS) PHP/5.4.16 mod_wsgi/3.4 Python/2.7.5 (internal dummy connection)"
::1 - - [28/Jun/2015:14:06:33 -0700] "OPTIONS * HTTP/1.0" 200 - "-" "Apache/2.4.6 (CentOS) PHP/5.4.16 mod_wsgi/3.4 Python/2.7.5 (internal dummy connection)"
108.239.135.40 - - [28/Jun/2015:21:06:50 +0000] "GET /cars/Tesla-Roadster-2011/ HTTP/1.1" 200 353 "http://djangotest.sfvue.com/cars/" "Mozilla/5.0 (Macintosh; Intel Mac OS X 10_9_5) AppleWebKit/537.36 (KHTML, like Gecko) Chrome/43.0.2357.130 Safari/537.36"
108.239.135.40 - - [28/Jun/2015:21:06:51 +0000] "GET /static/css/car.css HTTP/1.1" 304 - "http://djangotest.sfvue.com/cars/Tesla-Roadster-2011/" "Mozilla/5.0 (Macintosh; Intel Mac OS X 10_9_5) AppleWebKit/537.36 (KHTML, like Gecko) Chrome/43.0.2357.130 Safari/537.36"
108.239.135.40 - - [28/Jun/2015:21:06:59 +0000] "GET /makes/Tesla-Roadster-2011/ HTTP/1.1" 500 58567 "http://djangotest.sfvue.com/cars/Tesla-Roadster-2011/" "Mozilla/5.0 (Macintosh; Intel Mac OS X 10_9_5) AppleWebKit/537.36 (KHTML, like Gecko) Chrome/43.0.2357.130 Safari/537.36"
108.239.135.40 - - [28/Jun/2015:21:08:32 +0000] "GET /admin/ HTTP/1.1" 200 6242 "-" "Mozilla/5.0 (Macintosh; Intel Mac OS X 10_9_5) AppleWebKit/537.36 (KHTML, like Gecko) Chrome/43.0.2357.130 Safari/537.36"
108.239.135.40 - - [28/Jun/2015:21:08:32 +0000] "GET /admin/ HTTP/1.1" 200 6242 "-" "Mozilla/5.0 (Macintosh; Intel Mac OS X 10_9_5) AppleWebKit/537.36 (KHTML, like Gecko) Chrome/43.0.2357.130 Safari/537.36"
108.239.135.40 - - [28/Jun/2015:21:10:08 +0000] "GET /admin/car/car/ HTTP/1.1" 200 6138 "http://djangotest.sfvue.com/admin/" "Mozilla/5.0 (Macintosh; Intel Mac OS X 10_9_5) AppleWebKit/537.36 (KHTML, like Gecko) Chrome/43.0.2357.130 Safari/537.36"
108.239.135.40 - - [28/Jun/2015:21:10:08 +0000] "GET /admin/jsi18n/ HTTP/1.1" 200 2372 "http://djangotest.sfvue.com/admin/car/car/" "Mozilla/5.0 (Macintosh; Intel Mac OS X 10_9_5) AppleWebKit/537.36 (KHTML, like Gecko) Chrome/43.0.2357.130 Safari/537.36"
108.239.135.40 - - [28/Jun/2015:21:10:18 +0000] "GET /admin/car/ HTTP/1.1" 200 2771 "http://djangotest.sfvue.com/admin/car/car/" "Mozilla/5.0 (Macintosh; Intel Mac OS X 10_9_5) AppleWebKit/537.36 (KHTML, like Gecko) Chrome/43.0.2357.130 Safari/537.36"
108.239.135.40 - - [28/Jun/2015:21:10:19 +0000] "GET /admin/car/make/ HTTP/1.1" 200 4652 "http://djangotest.sfvue.com/admin/car/" "Mozilla/5.0 (Macintosh; Intel Mac OS X 10_9_5) AppleWebKit/537.36 (KHTML, like Gecko) Chrome/43.0.2357.130 Safari/537.36"
108.239.135.40 - - [28/Jun/2015:21:10:19 +0000] "GET /admin/jsi18n/ HTTP/1.1" 200 2372 "http://djangotest.sfvue.com/admin/car/make/" "Mozilla/5.0 (Macintosh; Intel Mac OS X 10_9_5) AppleWebKit/537.36 (KHTML, like Gecko) Chrome/43.0.2357.130 Safari/537.36"
62.210.132.6 - - [28/Jun/2015:21:25:30 +0000] "GET / HTTP/1.1" 200 216 "-" "-"
::1 - - [28/Jun/2015:14:26:16 -0700] "OPTIONS * HTTP/1.0" 200 - "-" "Apache/2.4.6 (CentOS) PHP/5.4.16 mod_wsgi/3.4 Python/2.7.5 (internal dummy connection)"
::1 - - [28/Jun/2015:21:26:16 +0000] "OPTIONS * HTTP/1.0" 200 - "-" "Apache/2.4.6 (CentOS) PHP/5.4.16 mod_wsgi/3.4 Python/2.7.5 (internal dummy connection)"
::1 - - [28/Jun/2015:21:26:16 +0000] "OPTIONS * HTTP/1.0" 200 - "-" "Apache/2.4.6 (CentOS) PHP/5.4.16 mod_wsgi/3.4 Python/2.7.5 (internal dummy connection)"
::1 - - [28/Jun/2015:21:26:16 +0000] "OPTIONS * HTTP/1.0" 200 - "-" "Apache/2.4.6 (CentOS) PHP/5.4.16 mod_wsgi/3.4 Python/2.7.5 (internal dummy connection)"
::1 - - [28/Jun/2015:21:26:16 +0000] "OPTIONS * HTTP/1.0" 200 - "-" "Apache/2.4.6 (CentOS) PHP/5.4.16 mod_wsgi/3.4 Python/2.7.5 (internal dummy connection)"
::1 - - [28/Jun/2015:21:26:16 +0000] "OPTIONS * HTTP/1.0" 200 - "-" "Apache/2.4.6 (CentOS) PHP/5.4.16 mod_wsgi/3.4 Python/2.7.5 (internal dummy connection)"
::1 - - [28/Jun/2015:21:26:16 +0000] "OPTIONS * HTTP/1.0" 200 - "-" "Apache/2.4.6 (CentOS) PHP/5.4.16 mod_wsgi/3.4 Python/2.7.5 (internal dummy connection)"
108.239.135.40 - - [28/Jun/2015:21:26:38 +0000] "GET /admin/car/make/1/ HTTP/1.1" 200 5804 "http://djangotest.sfvue.com/admin/car/make/" "Mozilla/5.0 (Macintosh; Intel Mac OS X 10_9_5) AppleWebKit/537.36 (KHTML, like Gecko) Chrome/43.0.2357.130 Safari/537.36"
108.239.135.40 - - [28/Jun/2015:21:26:38 +0000] "GET /admin/jsi18n/ HTTP/1.1" 200 2372 "http://djangotest.sfvue.com/admin/car/make/1/" "Mozilla/5.0 (Macintosh; Intel Mac OS X 10_9_5) AppleWebKit/537.36 (KHTML, like Gecko) Chrome/43.0.2357.130 Safari/537.36"
108.239.135.40 - - [28/Jun/2015:21:26:49 +0000] "GET /makes HTTP/1.1" 404 2397 "-" "Mozilla/5.0 (Macintosh; Intel Mac OS X 10_9_5) AppleWebKit/537.36 (KHTML, like Gecko) Chrome/43.0.2357.130 Safari/537.36"
108.239.135.40 - - [28/Jun/2015:21:27:01 +0000] "GET /cars/ HTTP/1.1" 200 549 "-" "Mozilla/5.0 (Macintosh; Intel Mac OS X 10_9_5) AppleWebKit/537.36 (KHTML, like Gecko) Chrome/43.0.2357.130 Safari/537.36"
108.239.135.40 - - [28/Jun/2015:21:27:01 +0000] "GET /static/images/bg.jpg HTTP/1.1" 304 - "http://djangotest.sfvue.com/static/css/car.css" "Mozilla/5.0 (Macintosh; Intel Mac OS X 10_9_5) AppleWebKit/537.36 (KHTML, like Gecko) Chrome/43.0.2357.130 Safari/537.36"
108.239.135.40 - - [28/Jun/2015:14:27:01 -0700] "GET /static/images/ct.jpg HTTP/1.1" 304 - "http://djangotest.sfvue.com/static/css/car.css" "Mozilla/5.0 (Macintosh; Intel Mac OS X 10_9_5) AppleWebKit/537.36 (KHTML, like Gecko) Chrome/43.0.2357.130 Safari/537.36"
108.239.135.40 - - [28/Jun/2015:21:27:05 +0000] "GET /cars/Tesla-Roadster-2011/ HTTP/1.1" 200 353 "http://djangotest.sfvue.com/cars/" "Mozilla/5.0 (Macintosh; Intel Mac OS X 10_9_5) AppleWebKit/537.36 (KHTML, like Gecko) Chrome/43.0.2357.130 Safari/537.36"
108.239.135.40 - - [28/Jun/2015:21:27:08 +0000] "GET /makes/Tesla-Roadster-2011/ HTTP/1.1" 500 58568 "http://djangotest.sfvue.com/cars/Tesla-Roadster-2011/" "Mozilla/5.0 (Macintosh; Intel Mac OS X 10_9_5) AppleWebKit/537.36 (KHTML, like Gecko) Chrome/43.0.2357.130 Safari/537.36"
108.239.135.40 - - [28/Jun/2015:21:27:47 +0000] "GET /admin/car/ HTTP/1.1" 200 2771 "http://djangotest.sfvue.com/admin/car/car/" "Mozilla/5.0 (Macintosh; Intel Mac OS X 10_9_5) AppleWebKit/537.36 (KHTML, like Gecko) Chrome/43.0.2357.130 Safari/537.36"
108.239.135.40 - - [28/Jun/2015:21:27:56 +0000] "GET /admin/ HTTP/1.1" 200 6242 "http://djangotest.sfvue.com/admin/car/" "Mozilla/5.0 (Macintosh; Intel Mac OS X 10_9_5) AppleWebKit/537.36 (KHTML, like Gecko) Chrome/43.0.2357.130 Safari/537.36"
108.239.135.40 - - [28/Jun/2015:21:28:50 +0000] "GET /admin/car/make/ HTTP/1.1" 200 4652 "http://djangotest.sfvue.com/admin/" "Mozilla/5.0 (Macintosh; Intel Mac OS X 10_9_5) AppleWebKit/537.36 (KHTML, like Gecko) Chrome/43.0.2357.130 Safari/537.36"
108.239.135.40 - - [28/Jun/2015:21:28:50 +0000] "GET /admin/jsi18n/ HTTP/1.1" 200 2372 "http://djangotest.sfvue.com/admin/car/make/" "Mozilla/5.0 (Macintosh; Intel Mac OS X 10_9_5) AppleWebKit/537.36 (KHTML, like Gecko) Chrome/43.0.2357.130 Safari/537.36"
108.239.135.40 - - [28/Jun/2015:21:28:59 +0000] "GET /admin/car/car/ HTTP/1.1" 200 6138 "http://djangotest.sfvue.com/admin/" "Mozilla/5.0 (Macintosh; Intel Mac OS X 10_9_5) AppleWebKit/537.36 (KHTML, like Gecko) Chrome/43.0.2357.130 Safari/537.36"
108.239.135.40 - - [28/Jun/2015:21:28:59 +0000] "GET /admin/jsi18n/ HTTP/1.1" 200 2372 "http://djangotest.sfvue.com/admin/car/car/" "Mozilla/5.0 (Macintosh; Intel Mac OS X 10_9_5) AppleWebKit/537.36 (KHTML, like Gecko) Chrome/43.0.2357.130 Safari/537.36"
::1 - - [28/Jun/2015:21:35:28 +0000] "OPTIONS * HTTP/1.0" 200 - "-" "Apache/2.4.6 (CentOS) PHP/5.4.16 mod_wsgi/3.4 Python/2.7.5 (internal dummy connection)"
::1 - - [28/Jun/2015:14:35:28 -0700] "OPTIONS * HTTP/1.0" 200 - "-" "Apache/2.4.6 (CentOS) PHP/5.4.16 mod_wsgi/3.4 Python/2.7.5 (internal dummy connection)"
::1 - - [28/Jun/2015:21:35:28 +0000] "OPTIONS * HTTP/1.0" 200 - "-" "Apache/2.4.6 (CentOS) PHP/5.4.16 mod_wsgi/3.4 Python/2.7.5 (internal dummy connection)"
::1 - - [28/Jun/2015:21:35:28 +0000] "OPTIONS * HTTP/1.0" 200 - "-" "Apache/2.4.6 (CentOS) PHP/5.4.16 mod_wsgi/3.4 Python/2.7.5 (internal dummy connection)"
::1 - - [28/Jun/2015:21:35:28 +0000] "OPTIONS * HTTP/1.0" 200 - "-" "Apache/2.4.6 (CentOS) PHP/5.4.16 mod_wsgi/3.4 Python/2.7.5 (internal dummy connection)"
::1 - - [28/Jun/2015:21:35:28 +0000] "OPTIONS * HTTP/1.0" 200 - "-" "Apache/2.4.6 (CentOS) PHP/5.4.16 mod_wsgi/3.4 Python/2.7.5 (internal dummy connection)"
::1 - - [28/Jun/2015:21:35:28 +0000] "OPTIONS * HTTP/1.0" 200 - "-" "Apache/2.4.6 (CentOS) PHP/5.4.16 mod_wsgi/3.4 Python/2.7.5 (internal dummy connection)"
108.239.135.40 - - [28/Jun/2015:21:35:56 +0000] "GET /cars/Tesla-Roadster-2011/ HTTP/1.1" 200 353 "http://djangotest.sfvue.com/cars/" "Mozilla/5.0 (Macintosh; Intel Mac OS X 10_9_5) AppleWebKit/537.36 (KHTML, like Gecko) Chrome/43.0.2357.130 Safari/537.36"
108.239.135.40 - - [28/Jun/2015:21:35:56 +0000] "GET /static/css/car.css HTTP/1.1" 200 432 "http://djangotest.sfvue.com/cars/Tesla-Roadster-2011/" "Mozilla/5.0 (Macintosh; Intel Mac OS X 10_9_5) AppleWebKit/537.36 (KHTML, like Gecko) Chrome/43.0.2357.130 Safari/537.36"
108.239.135.40 - - [28/Jun/2015:14:35:56 -0700] "GET /static/images/ct.jpg HTTP/1.1" 200 102787 "http://djangotest.sfvue.com/static/css/car.css" "Mozilla/5.0 (Macintosh; Intel Mac OS X 10_9_5) AppleWebKit/537.36 (KHTML, like Gecko) Chrome/43.0.2357.130 Safari/537.36"
108.239.135.40 - - [28/Jun/2015:21:35:56 +0000] "GET /static/images/bg.jpg HTTP/1.1" 200 583539 "http://djangotest.sfvue.com/static/css/car.css" "Mozilla/5.0 (Macintosh; Intel Mac OS X 10_9_5) AppleWebKit/537.36 (KHTML, like Gecko) Chrome/43.0.2357.130 Safari/537.36"
108.239.135.40 - - [28/Jun/2015:21:36:09 +0000] "GET /makes/Tesla-Roadster-2011/ HTTP/1.1" 500 58143 "http://djangotest.sfvue.com/cars/Tesla-Roadster-2011/" "Mozilla/5.0 (Macintosh; Intel Mac OS X 10_9_5) AppleWebKit/537.36 (KHTML, like Gecko) Chrome/43.0.2357.130 Safari/537.36"
::1 - - [28/Jun/2015:14:37:01 -0700] "OPTIONS * HTTP/1.0" 200 - "-" "Apache/2.4.6 (CentOS) PHP/5.4.16 mod_wsgi/3.4 Python/2.7.5 (internal dummy connection)"
::1 - - [28/Jun/2015:14:37:01 -0700] "OPTIONS * HTTP/1.0" 200 - "-" "Apache/2.4.6 (CentOS) PHP/5.4.16 mod_wsgi/3.4 Python/2.7.5 (internal dummy connection)"
::1 - - [28/Jun/2015:14:37:01 -0700] "OPTIONS * HTTP/1.0" 200 - "-" "Apache/2.4.6 (CentOS) PHP/5.4.16 mod_wsgi/3.4 Python/2.7.5 (internal dummy connection)"
::1 - - [28/Jun/2015:14:37:01 -0700] "OPTIONS * HTTP/1.0" 200 - "-" "Apache/2.4.6 (CentOS) PHP/5.4.16 mod_wsgi/3.4 Python/2.7.5 (internal dummy connection)"
::1 - - [28/Jun/2015:14:37:01 -0700] "OPTIONS * HTTP/1.0" 200 - "-" "Apache/2.4.6 (CentOS) PHP/5.4.16 mod_wsgi/3.4 Python/2.7.5 (internal dummy connection)"
::1 - - [28/Jun/2015:14:37:01 -0700] "OPTIONS * HTTP/1.0" 200 - "-" "Apache/2.4.6 (CentOS) PHP/5.4.16 mod_wsgi/3.4 Python/2.7.5 (internal dummy connection)"
::1 - - [28/Jun/2015:21:37:01 +0000] "OPTIONS * HTTP/1.0" 200 - "-" "Apache/2.4.6 (CentOS) PHP/5.4.16 mod_wsgi/3.4 Python/2.7.5 (internal dummy connection)"
::1 - - [28/Jun/2015:14:37:01 -0700] "OPTIONS * HTTP/1.0" 200 - "-" "Apache/2.4.6 (CentOS) PHP/5.4.16 mod_wsgi/3.4 Python/2.7.5 (internal dummy connection)"
108.239.135.40 - - [28/Jun/2015:21:37:06 +0000] "GET /cars/Tesla-Roadster-2011/ HTTP/1.1" 200 353 "http://djangotest.sfvue.com/cars/" "Mozilla/5.0 (Macintosh; Intel Mac OS X 10_9_5) AppleWebKit/537.36 (KHTML, like Gecko) Chrome/43.0.2357.130 Safari/537.36"
108.239.135.40 - - [28/Jun/2015:21:37:07 +0000] "GET /static/css/car.css HTTP/1.1" 304 - "http://djangotest.sfvue.com/cars/Tesla-Roadster-2011/" "Mozilla/5.0 (Macintosh; Intel Mac OS X 10_9_5) AppleWebKit/537.36 (KHTML, like Gecko) Chrome/43.0.2357.130 Safari/537.36"
108.239.135.40 - - [28/Jun/2015:21:37:09 +0000] "GET /cars/Tesla-Roadster-2011/ HTTP/1.1" 200 353 "http://djangotest.sfvue.com/cars/" "Mozilla/5.0 (Macintosh; Intel Mac OS X 10_9_5) AppleWebKit/537.36 (KHTML, like Gecko) Chrome/43.0.2357.130 Safari/537.36"
108.239.135.40 - - [28/Jun/2015:21:37:10 +0000] "GET /static/css/car.css HTTP/1.1" 304 - "http://djangotest.sfvue.com/cars/Tesla-Roadster-2011/" "Mozilla/5.0 (Macintosh; Intel Mac OS X 10_9_5) AppleWebKit/537.36 (KHTML, like Gecko) Chrome/43.0.2357.130 Safari/537.36"
108.239.135.40 - - [28/Jun/2015:21:37:15 +0000] "GET /makes/Tesla-Roadster-2011/ HTTP/1.1" 500 98026 "http://djangotest.sfvue.com/cars/Tesla-Roadster-2011/" "Mozilla/5.0 (Macintosh; Intel Mac OS X 10_9_5) AppleWebKit/537.36 (KHTML, like Gecko) Chrome/43.0.2357.130 Safari/537.36"
::1 - - [28/Jun/2015:14:38:03 -0700] "OPTIONS * HTTP/1.0" 200 - "-" "Apache/2.4.6 (CentOS) PHP/5.4.16 mod_wsgi/3.4 Python/2.7.5 (internal dummy connection)"
::1 - - [28/Jun/2015:14:38:03 -0700] "OPTIONS * HTTP/1.0" 200 - "-" "Apache/2.4.6 (CentOS) PHP/5.4.16 mod_wsgi/3.4 Python/2.7.5 (internal dummy connection)"
::1 - - [28/Jun/2015:14:38:03 -0700] "OPTIONS * HTTP/1.0" 200 - "-" "Apache/2.4.6 (CentOS) PHP/5.4.16 mod_wsgi/3.4 Python/2.7.5 (internal dummy connection)"
::1 - - [28/Jun/2015:14:38:03 -0700] "OPTIONS * HTTP/1.0" 200 - "-" "Apache/2.4.6 (CentOS) PHP/5.4.16 mod_wsgi/3.4 Python/2.7.5 (internal dummy connection)"
::1 - - [28/Jun/2015:21:38:03 +0000] "OPTIONS * HTTP/1.0" 200 - "-" "Apache/2.4.6 (CentOS) PHP/5.4.16 mod_wsgi/3.4 Python/2.7.5 (internal dummy connection)"
::1 - - [28/Jun/2015:21:38:03 +0000] "OPTIONS * HTTP/1.0" 200 - "-" "Apache/2.4.6 (CentOS) PHP/5.4.16 mod_wsgi/3.4 Python/2.7.5 (internal dummy connection)"
108.239.135.40 - - [28/Jun/2015:21:38:09 +0000] "GET /makes/Tesla-Roadster-2011/ HTTP/1.1" 500 58384 "http://djangotest.sfvue.com/cars/Tesla-Roadster-2011/" "Mozilla/5.0 (Macintosh; Intel Mac OS X 10_9_5) AppleWebKit/537.36 (KHTML, like Gecko) Chrome/43.0.2357.130 Safari/537.36"
108.239.135.40 - - [28/Jun/2015:21:38:30 +0000] "GET /admin/ HTTP/1.1" 200 6242 "http://djangotest.sfvue.com/admin/car/car/" "Mozilla/5.0 (Macintosh; Intel Mac OS X 10_9_5) AppleWebKit/537.36 (KHTML, like Gecko) Chrome/43.0.2357.130 Safari/537.36"
108.239.135.40 - - [28/Jun/2015:21:38:31 +0000] "GET /static/admin/css/base.css HTTP/1.1" 200 14049 "http://djangotest.sfvue.com/admin/" "Mozilla/5.0 (Macintosh; Intel Mac OS X 10_9_5) AppleWebKit/537.36 (KHTML, like Gecko) Chrome/43.0.2357.130 Safari/537.36"
108.239.135.40 - - [28/Jun/2015:14:38:31 -0700] "GET /static/admin/css/dashboard.css HTTP/1.1" 200 434 "http://djangotest.sfvue.com/admin/" "Mozilla/5.0 (Macintosh; Intel Mac OS X 10_9_5) AppleWebKit/537.36 (KHTML, like Gecko) Chrome/43.0.2357.130 Safari/537.36"
108.239.135.40 - - [28/Jun/2015:14:38:31 -0700] "GET /static/admin/img/default-bg.gif HTTP/1.1" 200 836 "http://djangotest.sfvue.com/static/admin/css/base.css" "Mozilla/5.0 (Macintosh; Intel Mac OS X 10_9_5) AppleWebKit/537.36 (KHTML, like Gecko) Chrome/43.0.2357.130 Safari/537.36"
108.239.135.40 - - [28/Jun/2015:21:38:31 +0000] "GET /static/admin/img/icon_addlink.gif HTTP/1.1" 200 119 "http://djangotest.sfvue.com/static/admin/css/base.css" "Mozilla/5.0 (Macintosh; Intel Mac OS X 10_9_5) AppleWebKit/537.36 (KHTML, like Gecko) Chrome/43.0.2357.130 Safari/537.36"
108.239.135.40 - - [28/Jun/2015:14:38:31 -0700] "GET /static/admin/img/icon_changelink.gif HTTP/1.1" 200 119 "http://djangotest.sfvue.com/static/admin/css/base.css" "Mozilla/5.0 (Macintosh; Intel Mac OS X 10_9_5) AppleWebKit/537.36 (KHTML, like Gecko) Chrome/43.0.2357.130 Safari/537.36"
108.239.135.40 - - [28/Jun/2015:14:38:31 -0700] "GET /static/admin/img/nav-bg.gif HTTP/1.1" 200 265 "http://djangotest.sfvue.com/static/admin/css/base.css" "Mozilla/5.0 (Macintosh; Intel Mac OS X 10_9_5) AppleWebKit/537.36 (KHTML, like Gecko) Chrome/43.0.2357.130 Safari/537.36"
195.154.41.141 - - [28/Jun/2015:21:39:57 +0000] "HEAD /robots.txt HTTP/1.0" 404 - "-" "-"
::1 - - [28/Jun/2015:14:40:00 -0700] "OPTIONS * HTTP/1.0" 200 - "-" "Apache/2.4.6 (CentOS) PHP/5.4.16 mod_wsgi/3.4 Python/2.7.5 (internal dummy connection)"
::1 - - [28/Jun/2015:14:40:00 -0700] "OPTIONS * HTTP/1.0" 200 - "-" "Apache/2.4.6 (CentOS) PHP/5.4.16 mod_wsgi/3.4 Python/2.7.5 (internal dummy connection)"
::1 - - [28/Jun/2015:14:40:00 -0700] "OPTIONS * HTTP/1.0" 200 - "-" "Apache/2.4.6 (CentOS) PHP/5.4.16 mod_wsgi/3.4 Python/2.7.5 (internal dummy connection)"
::1 - - [28/Jun/2015:14:40:00 -0700] "OPTIONS * HTTP/1.0" 200 - "-" "Apache/2.4.6 (CentOS) PHP/5.4.16 mod_wsgi/3.4 Python/2.7.5 (internal dummy connection)"
::1 - - [28/Jun/2015:14:40:00 -0700] "OPTIONS * HTTP/1.0" 200 - "-" "Apache/2.4.6 (CentOS) PHP/5.4.16 mod_wsgi/3.4 Python/2.7.5 (internal dummy connection)"
::1 - - [28/Jun/2015:14:40:00 -0700] "OPTIONS * HTTP/1.0" 200 - "-" "Apache/2.4.6 (CentOS) PHP/5.4.16 mod_wsgi/3.4 Python/2.7.5 (internal dummy connection)"
::1 - - [28/Jun/2015:21:40:00 +0000] "OPTIONS * HTTP/1.0" 200 - "-" "Apache/2.4.6 (CentOS) PHP/5.4.16 mod_wsgi/3.4 Python/2.7.5 (internal dummy connection)"
::1 - - [28/Jun/2015:14:40:00 -0700] "OPTIONS * HTTP/1.0" 200 - "-" "Apache/2.4.6 (CentOS) PHP/5.4.16 mod_wsgi/3.4 Python/2.7.5 (internal dummy connection)"
::1 - - [28/Jun/2015:21:40:00 +0000] "OPTIONS * HTTP/1.0" 200 - "-" "Apache/2.4.6 (CentOS) PHP/5.4.16 mod_wsgi/3.4 Python/2.7.5 (internal dummy connection)"
108.239.135.40 - - [28/Jun/2015:21:40:07 +0000] "GET /admin/ HTTP/1.1" 200 6242 "http://djangotest.sfvue.com/admin/car/car/" "Mozilla/5.0 (Macintosh; Intel Mac OS X 10_9_5) AppleWebKit/537.36 (KHTML, like Gecko) Chrome/43.0.2357.130 Safari/537.36"
108.239.135.40 - - [28/Jun/2015:14:40:08 -0700] "GET /static/admin/css/base.css HTTP/1.1" 304 - "http://djangotest.sfvue.com/admin/" "Mozilla/5.0 (Macintosh; Intel Mac OS X 10_9_5) AppleWebKit/537.36 (KHTML, like Gecko) Chrome/43.0.2357.130 Safari/537.36"
108.239.135.40 - - [28/Jun/2015:21:40:08 +0000] "GET /static/admin/css/dashboard.css HTTP/1.1" 304 - "http://djangotest.sfvue.com/admin/" "Mozilla/5.0 (Macintosh; Intel Mac OS X 10_9_5) AppleWebKit/537.36 (KHTML, like Gecko) Chrome/43.0.2357.130 Safari/537.36"
108.239.135.40 - - [28/Jun/2015:21:40:10 +0000] "GET /cars/Tesla-Roadster-2011/ HTTP/1.1" 200 353 "http://djangotest.sfvue.com/cars/" "Mozilla/5.0 (Macintosh; Intel Mac OS X 10_9_5) AppleWebKit/537.36 (KHTML, like Gecko) Chrome/43.0.2357.130 Safari/537.36"
108.239.135.40 - - [28/Jun/2015:21:40:10 +0000] "GET /static/css/car.css HTTP/1.1" 304 - "http://djangotest.sfvue.com/cars/Tesla-Roadster-2011/" "Mozilla/5.0 (Macintosh; Intel Mac OS X 10_9_5) AppleWebKit/537.36 (KHTML, like Gecko) Chrome/43.0.2357.130 Safari/537.36"
108.239.135.40 - - [28/Jun/2015:21:40:15 +0000] "GET /makes/Tesla-Roadster-2011/ HTTP/1.1" 200 246 "http://djangotest.sfvue.com/cars/Tesla-Roadster-2011/" "Mozilla/5.0 (Macintosh; Intel Mac OS X 10_9_5) AppleWebKit/537.36 (KHTML, like Gecko) Chrome/43.0.2357.130 Safari/537.36"
108.239.135.40 - - [28/Jun/2015:21:40:25 +0000] "GET /cars/Tesla-Roadster-2011/ HTTP/1.1" 200 353 "http://djangotest.sfvue.com/cars/" "Mozilla/5.0 (Macintosh; Intel Mac OS X 10_9_5) AppleWebKit/537.36 (KHTML, like Gecko) Chrome/43.0.2357.130 Safari/537.36"
108.239.135.40 - - [28/Jun/2015:21:40:25 +0000] "GET /static/css/car.css HTTP/1.1" 304 - "http://djangotest.sfvue.com/cars/Tesla-Roadster-2011/" "Mozilla/5.0 (Macintosh; Intel Mac OS X 10_9_5) AppleWebKit/537.36 (KHTML, like Gecko) Chrome/43.0.2357.130 Safari/537.36"
108.239.135.40 - - [28/Jun/2015:21:40:27 +0000] "GET /makes/Tesla-Roadster-2011/ HTTP/1.1" 200 246 "http://djangotest.sfvue.com/cars/Tesla-Roadster-2011/" "Mozilla/5.0 (Macintosh; Intel Mac OS X 10_9_5) AppleWebKit/537.36 (KHTML, like Gecko) Chrome/43.0.2357.130 Safari/537.36"
::1 - - [28/Jun/2015:14:59:23 -0700] "OPTIONS * HTTP/1.0" 200 - "-" "Apache/2.4.6 (CentOS) PHP/5.4.16 mod_wsgi/3.4 Python/2.7.5 (internal dummy connection)"
::1 - - [28/Jun/2015:14:59:23 -0700] "OPTIONS * HTTP/1.0" 200 - "-" "Apache/2.4.6 (CentOS) PHP/5.4.16 mod_wsgi/3.4 Python/2.7.5 (internal dummy connection)"
::1 - - [28/Jun/2015:14:59:23 -0700] "OPTIONS * HTTP/1.0" 200 - "-" "Apache/2.4.6 (CentOS) PHP/5.4.16 mod_wsgi/3.4 Python/2.7.5 (internal dummy connection)"
::1 - - [28/Jun/2015:14:59:23 -0700] "OPTIONS * HTTP/1.0" 200 - "-" "Apache/2.4.6 (CentOS) PHP/5.4.16 mod_wsgi/3.4 Python/2.7.5 (internal dummy connection)"
::1 - - [28/Jun/2015:21:59:23 +0000] "OPTIONS * HTTP/1.0" 200 - "-" "Apache/2.4.6 (CentOS) PHP/5.4.16 mod_wsgi/3.4 Python/2.7.5 (internal dummy connection)"
::1 - - [28/Jun/2015:21:59:23 +0000] "OPTIONS * HTTP/1.0" 200 - "-" "Apache/2.4.6 (CentOS) PHP/5.4.16 mod_wsgi/3.4 Python/2.7.5 (internal dummy connection)"
::1 - - [28/Jun/2015:21:59:23 +0000] "OPTIONS * HTTP/1.0" 200 - "-" "Apache/2.4.6 (CentOS) PHP/5.4.16 mod_wsgi/3.4 Python/2.7.5 (internal dummy connection)"
::1 - - [28/Jun/2015:14:59:23 -0700] "OPTIONS * HTTP/1.0" 200 - "-" "Apache/2.4.6 (CentOS) PHP/5.4.16 mod_wsgi/3.4 Python/2.7.5 (internal dummy connection)"
108.239.135.40 - - [28/Jun/2015:21:59:34 +0000] "GET /cars/Tesla-Roadster-2011/ HTTP/1.1" 200 353 "http://djangotest.sfvue.com/cars/" "Mozilla/5.0 (Macintosh; Intel Mac OS X 10_9_5) AppleWebKit/537.36 (KHTML, like Gecko) Chrome/43.0.2357.130 Safari/537.36"
108.239.135.40 - - [28/Jun/2015:14:59:36 -0700] "GET /static/css/car.css HTTP/1.1" 304 - "http://djangotest.sfvue.com/cars/Tesla-Roadster-2011/" "Mozilla/5.0 (Macintosh; Intel Mac OS X 10_9_5) AppleWebKit/537.36 (KHTML, like Gecko) Chrome/43.0.2357.130 Safari/537.36"
108.239.135.40 - - [28/Jun/2015:21:59:43 +0000] "GET /cars/Tesla-Roadster-2011/ HTTP/1.1" 200 353 "http://djangotest.sfvue.com/cars/" "Mozilla/5.0 (Macintosh; Intel Mac OS X 10_9_5) AppleWebKit/537.36 (KHTML, like Gecko) Chrome/43.0.2357.130 Safari/537.36"
108.239.135.40 - - [28/Jun/2015:21:59:43 +0000] "GET /static/css/car.css HTTP/1.1" 304 - "http://djangotest.sfvue.com/cars/Tesla-Roadster-2011/" "Mozilla/5.0 (Macintosh; Intel Mac OS X 10_9_5) AppleWebKit/537.36 (KHTML, like Gecko) Chrome/43.0.2357.130 Safari/537.36"
108.239.135.40 - - [28/Jun/2015:21:59:55 +0000] "GET /makes/Tesla-Roadster-2011/ HTTP/1.1" 200 255 "http://djangotest.sfvue.com/cars/Tesla-Roadster-2011/" "Mozilla/5.0 (Macintosh; Intel Mac OS X 10_9_5) AppleWebKit/537.36 (KHTML, like Gecko) Chrome/43.0.2357.130 Safari/537.36"
108.239.135.40 - - [28/Jun/2015:22:00:14 +0000] "GET /cars/Tesla-Roadster-2011/ HTTP/1.1" 200 353 "http://djangotest.sfvue.com/cars/" "Mozilla/5.0 (Macintosh; Intel Mac OS X 10_9_5) AppleWebKit/537.36 (KHTML, like Gecko) Chrome/43.0.2357.130 Safari/537.36"
108.239.135.40 - - [28/Jun/2015:22:00:14 +0000] "GET /static/css/car.css HTTP/1.1" 304 - "http://djangotest.sfvue.com/cars/Tesla-Roadster-2011/" "Mozilla/5.0 (Macintosh; Intel Mac OS X 10_9_5) AppleWebKit/537.36 (KHTML, like Gecko) Chrome/43.0.2357.130 Safari/537.36"
108.239.135.40 - - [28/Jun/2015:22:00:25 +0000] "GET /cars/ HTTP/1.1" 200 549 "-" "Mozilla/5.0 (Macintosh; Intel Mac OS X 10_9_5) AppleWebKit/537.36 (KHTML, like Gecko) Chrome/43.0.2357.130 Safari/537.36"
108.239.135.40 - - [28/Jun/2015:22:00:33 +0000] "GET /cars/BMW-M6-F13-Convertible-2013 HTTP/1.1" 301 - "http://djangotest.sfvue.com/cars/" "Mozilla/5.0 (Macintosh; Intel Mac OS X 10_9_5) AppleWebKit/537.36 (KHTML, like Gecko) Chrome/43.0.2357.130 Safari/537.36"
108.239.135.40 - - [28/Jun/2015:22:00:33 +0000] "GET /cars/BMW-M6-F13-Convertible-2013/ HTTP/1.1" 200 333 "http://djangotest.sfvue.com/cars/" "Mozilla/5.0 (Macintosh; Intel Mac OS X 10_9_5) AppleWebKit/537.36 (KHTML, like Gecko) Chrome/43.0.2357.130 Safari/537.36"
108.239.135.40 - - [28/Jun/2015:22:00:38 +0000] "GET /makes/M6/ HTTP/1.1" 200 255 "http://djangotest.sfvue.com/cars/BMW-M6-F13-Convertible-2013/" "Mozilla/5.0 (Macintosh; Intel Mac OS X 10_9_5) AppleWebKit/537.36 (KHTML, like Gecko) Chrome/43.0.2357.130 Safari/537.36"
::1 - - [28/Jun/2015:22:01:05 +0000] "OPTIONS * HTTP/1.0" 200 - "-" "Apache/2.4.6 (CentOS) PHP/5.4.16 mod_wsgi/3.4 Python/2.7.5 (internal dummy connection)"
::1 - - [28/Jun/2015:22:01:05 +0000] "OPTIONS * HTTP/1.0" 200 - "-" "Apache/2.4.6 (CentOS) PHP/5.4.16 mod_wsgi/3.4 Python/2.7.5 (internal dummy connection)"
::1 - - [28/Jun/2015:22:01:05 +0000] "OPTIONS * HTTP/1.0" 200 - "-" "Apache/2.4.6 (CentOS) PHP/5.4.16 mod_wsgi/3.4 Python/2.7.5 (internal dummy connection)"
::1 - - [28/Jun/2015:22:01:05 +0000] "OPTIONS * HTTP/1.0" 200 - "-" "Apache/2.4.6 (CentOS) PHP/5.4.16 mod_wsgi/3.4 Python/2.7.5 (internal dummy connection)"
::1 - - [28/Jun/2015:15:01:05 -0700] "OPTIONS * HTTP/1.0" 200 - "-" "Apache/2.4.6 (CentOS) PHP/5.4.16 mod_wsgi/3.4 Python/2.7.5 (internal dummy connection)"
::1 - - [28/Jun/2015:22:01:05 +0000] "OPTIONS * HTTP/1.0" 200 - "-" "Apache/2.4.6 (CentOS) PHP/5.4.16 mod_wsgi/3.4 Python/2.7.5 (internal dummy connection)"
::1 - - [28/Jun/2015:22:01:05 +0000] "OPTIONS * HTTP/1.0" 200 - "-" "Apache/2.4.6 (CentOS) PHP/5.4.16 mod_wsgi/3.4 Python/2.7.5 (internal dummy connection)"
108.239.135.40 - - [28/Jun/2015:22:01:13 +0000] "GET /cars/BMW-M6-F13-Convertible-2013/ HTTP/1.1" 200 333 "http://djangotest.sfvue.com/cars/" "Mozilla/5.0 (Macintosh; Intel Mac OS X 10_9_5) AppleWebKit/537.36 (KHTML, like Gecko) Chrome/43.0.2357.130 Safari/537.36"
108.239.135.40 - - [28/Jun/2015:22:01:14 +0000] "GET /static/css/car.css HTTP/1.1" 304 - "http://djangotest.sfvue.com/cars/BMW-M6-F13-Convertible-2013/" "Mozilla/5.0 (Macintosh; Intel Mac OS X 10_9_5) AppleWebKit/537.36 (KHTML, like Gecko) Chrome/43.0.2357.130 Safari/537.36"
108.239.135.40 - - [28/Jun/2015:22:01:16 +0000] "GET /makes/M6/ HTTP/1.1" 200 217 "http://djangotest.sfvue.com/cars/BMW-M6-F13-Convertible-2013/" "Mozilla/5.0 (Macintosh; Intel Mac OS X 10_9_5) AppleWebKit/537.36 (KHTML, like Gecko) Chrome/43.0.2357.130 Safari/537.36"
108.239.135.40 - - [28/Jun/2015:22:01:30 +0000] "GET /cars/BMW-M6-F13-Convertible-2013/ HTTP/1.1" 200 333 "http://djangotest.sfvue.com/cars/" "Mozilla/5.0 (Macintosh; Intel Mac OS X 10_9_5) AppleWebKit/537.36 (KHTML, like Gecko) Chrome/43.0.2357.130 Safari/537.36"
108.239.135.40 - - [28/Jun/2015:22:01:30 +0000] "GET /static/css/car.css HTTP/1.1" 304 - "http://djangotest.sfvue.com/cars/BMW-M6-F13-Convertible-2013/" "Mozilla/5.0 (Macintosh; Intel Mac OS X 10_9_5) AppleWebKit/537.36 (KHTML, like Gecko) Chrome/43.0.2357.130 Safari/537.36"
108.239.135.40 - - [28/Jun/2015:22:01:37 +0000] "GET /makes/M6/ HTTP/1.1" 200 217 "http://djangotest.sfvue.com/cars/BMW-M6-F13-Convertible-2013/" "Mozilla/5.0 (Macintosh; Intel Mac OS X 10_9_5) AppleWebKit/537.36 (KHTML, like Gecko) Chrome/43.0.2357.130 Safari/537.36"
108.239.135.40 - - [28/Jun/2015:22:02:47 +0000] "GET /makes/M6/ HTTP/1.1" 200 217 "http://djangotest.sfvue.com/cars/BMW-M6-F13-Convertible-2013/" "Mozilla/5.0 (Macintosh; Intel Mac OS X 10_9_5) AppleWebKit/537.36 (KHTML, like Gecko) Chrome/43.0.2357.130 Safari/537.36"
108.239.135.40 - - [28/Jun/2015:22:03:09 +0000] "GET /cars/BMW-M6-F13-Convertible-2013/ HTTP/1.1" 200 333 "http://djangotest.sfvue.com/cars/" "Mozilla/5.0 (Macintosh; Intel Mac OS X 10_9_5) AppleWebKit/537.36 (KHTML, like Gecko) Chrome/43.0.2357.130 Safari/537.36"
108.239.135.40 - - [28/Jun/2015:22:03:09 +0000] "GET /static/css/car.css HTTP/1.1" 304 - "http://djangotest.sfvue.com/cars/BMW-M6-F13-Convertible-2013/" "Mozilla/5.0 (Macintosh; Intel Mac OS X 10_9_5) AppleWebKit/537.36 (KHTML, like Gecko) Chrome/43.0.2357.130 Safari/537.36"
220.181.108.182 - - [28/Jun/2015:15:14:47 -0700] "-" 408 - "-" "-"
::1 - - [28/Jun/2015:22:16:02 +0000] "OPTIONS * HTTP/1.0" 200 - "-" "Apache/2.4.6 (CentOS) PHP/5.4.16 mod_wsgi/3.4 Python/2.7.5 (internal dummy connection)"
::1 - - [28/Jun/2015:22:16:02 +0000] "OPTIONS * HTTP/1.0" 200 - "-" "Apache/2.4.6 (CentOS) PHP/5.4.16 mod_wsgi/3.4 Python/2.7.5 (internal dummy connection)"
::1 - - [28/Jun/2015:22:16:02 +0000] "OPTIONS * HTTP/1.0" 200 - "-" "Apache/2.4.6 (CentOS) PHP/5.4.16 mod_wsgi/3.4 Python/2.7.5 (internal dummy connection)"
::1 - - [28/Jun/2015:22:16:02 +0000] "OPTIONS * HTTP/1.0" 200 - "-" "Apache/2.4.6 (CentOS) PHP/5.4.16 mod_wsgi/3.4 Python/2.7.5 (internal dummy connection)"
::1 - - [28/Jun/2015:15:16:02 -0700] "OPTIONS * HTTP/1.0" 200 - "-" "Apache/2.4.6 (CentOS) PHP/5.4.16 mod_wsgi/3.4 Python/2.7.5 (internal dummy connection)"
::1 - - [28/Jun/2015:15:16:02 -0700] "OPTIONS * HTTP/1.0" 200 - "-" "Apache/2.4.6 (CentOS) PHP/5.4.16 mod_wsgi/3.4 Python/2.7.5 (internal dummy connection)"
108.239.135.40 - - [28/Jun/2015:22:16:20 +0000] "GET /cars/BMW-M6-F13-Convertible-2013/ HTTP/1.1" 200 333 "http://djangotest.sfvue.com/cars/" "Mozilla/5.0 (Macintosh; Intel Mac OS X 10_9_5) AppleWebKit/537.36 (KHTML, like Gecko) Chrome/43.0.2357.130 Safari/537.36"
108.239.135.40 - - [28/Jun/2015:22:16:20 +0000] "GET /static/css/car.css HTTP/1.1" 304 - "http://djangotest.sfvue.com/cars/BMW-M6-F13-Convertible-2013/" "Mozilla/5.0 (Macintosh; Intel Mac OS X 10_9_5) AppleWebKit/537.36 (KHTML, like Gecko) Chrome/43.0.2357.130 Safari/537.36"
108.239.135.40 - - [28/Jun/2015:22:16:23 +0000] "GET /makes/M6/ HTTP/1.1" 200 217 "http://djangotest.sfvue.com/cars/BMW-M6-F13-Convertible-2013/" "Mozilla/5.0 (Macintosh; Intel Mac OS X 10_9_5) AppleWebKit/537.36 (KHTML, like Gecko) Chrome/43.0.2357.130 Safari/537.36"
::1 - - [28/Jun/2015:15:16:41 -0700] "OPTIONS * HTTP/1.0" 200 - "-" "Apache/2.4.6 (CentOS) PHP/5.4.16 mod_wsgi/3.4 Python/2.7.5 (internal dummy connection)"
::1 - - [28/Jun/2015:15:16:41 -0700] "OPTIONS * HTTP/1.0" 200 - "-" "Apache/2.4.6 (CentOS) PHP/5.4.16 mod_wsgi/3.4 Python/2.7.5 (internal dummy connection)"
::1 - - [28/Jun/2015:15:16:41 -0700] "OPTIONS * HTTP/1.0" 200 - "-" "Apache/2.4.6 (CentOS) PHP/5.4.16 mod_wsgi/3.4 Python/2.7.5 (internal dummy connection)"
::1 - - [28/Jun/2015:15:16:41 -0700] "OPTIONS * HTTP/1.0" 200 - "-" "Apache/2.4.6 (CentOS) PHP/5.4.16 mod_wsgi/3.4 Python/2.7.5 (internal dummy connection)"
::1 - - [28/Jun/2015:15:16:41 -0700] "OPTIONS * HTTP/1.0" 200 - "-" "Apache/2.4.6 (CentOS) PHP/5.4.16 mod_wsgi/3.4 Python/2.7.5 (internal dummy connection)"
::1 - - [28/Jun/2015:22:16:41 +0000] "OPTIONS * HTTP/1.0" 200 - "-" "Apache/2.4.6 (CentOS) PHP/5.4.16 mod_wsgi/3.4 Python/2.7.5 (internal dummy connection)"
108.239.135.40 - - [28/Jun/2015:22:17:16 +0000] "GET /cars/ HTTP/1.1" 200 549 "-" "Mozilla/5.0 (Macintosh; Intel Mac OS X 10_9_5) AppleWebKit/537.36 (KHTML, like Gecko) Chrome/43.0.2357.130 Safari/537.36"
108.239.135.40 - - [28/Jun/2015:15:17:16 -0700] "GET /static/css/car.css HTTP/1.1" 200 432 "http://djangotest.sfvue.com/cars/" "Mozilla/5.0 (Macintosh; Intel Mac OS X 10_9_5) AppleWebKit/537.36 (KHTML, like Gecko) Chrome/43.0.2357.130 Safari/537.36"
108.239.135.40 - - [28/Jun/2015:22:17:16 +0000] "GET /static/images/ct.jpg HTTP/1.1" 200 102787 "http://djangotest.sfvue.com/static/css/car.css" "Mozilla/5.0 (Macintosh; Intel Mac OS X 10_9_5) AppleWebKit/537.36 (KHTML, like Gecko) Chrome/43.0.2357.130 Safari/537.36"
108.239.135.40 - - [28/Jun/2015:15:17:16 -0700] "GET /static/images/bg.jpg HTTP/1.1" 200 583539 "http://djangotest.sfvue.com/static/css/car.css" "Mozilla/5.0 (Macintosh; Intel Mac OS X 10_9_5) AppleWebKit/537.36 (KHTML, like Gecko) Chrome/43.0.2357.130 Safari/537.36"
108.239.135.40 - - [28/Jun/2015:22:17:20 +0000] "GET /cars/BMW-M6-F12-Coupe-2014 HTTP/1.1" 301 - "http://djangotest.sfvue.com/cars/" "Mozilla/5.0 (Macintosh; Intel Mac OS X 10_9_5) AppleWebKit/537.36 (KHTML, like Gecko) Chrome/43.0.2357.130 Safari/537.36"
108.239.135.40 - - [28/Jun/2015:22:17:20 +0000] "GET /cars/BMW-M6-F12-Coupe-2014/ HTTP/1.1" 200 326 "http://djangotest.sfvue.com/cars/" "Mozilla/5.0 (Macintosh; Intel Mac OS X 10_9_5) AppleWebKit/537.36 (KHTML, like Gecko) Chrome/43.0.2357.130 Safari/537.36"
108.239.135.40 - - [28/Jun/2015:22:17:22 +0000] "GET /makes/M6/ HTTP/1.1" 200 217 "http://djangotest.sfvue.com/cars/BMW-M6-F12-Coupe-2014/" "Mozilla/5.0 (Macintosh; Intel Mac OS X 10_9_5) AppleWebKit/537.36 (KHTML, like Gecko) Chrome/43.0.2357.130 Safari/537.36"
182.118.60.65 - - [28/Jun/2015:22:19:24 +0000] "GET / HTTP/1.1" 200 216 "-" "Mozilla/5.0 (Macintosh; Intel Mac OS X 10_10_1) AppleWebKit/537.36 (KHTML, like Gecko) Chrome/41.0.2251.0 Safari/537.36"
::1 - - [28/Jun/2015:15:24:19 -0700] "OPTIONS * HTTP/1.0" 200 - "-" "Apache/2.4.6 (CentOS) PHP/5.4.16 mod_wsgi/3.4 Python/2.7.5 (internal dummy connection)"
::1 - - [28/Jun/2015:22:24:19 +0000] "OPTIONS * HTTP/1.0" 200 - "-" "Apache/2.4.6 (CentOS) PHP/5.4.16 mod_wsgi/3.4 Python/2.7.5 (internal dummy connection)"
::1 - - [28/Jun/2015:22:24:19 +0000] "OPTIONS * HTTP/1.0" 200 - "-" "Apache/2.4.6 (CentOS) PHP/5.4.16 mod_wsgi/3.4 Python/2.7.5 (internal dummy connection)"
::1 - - [28/Jun/2015:15:24:19 -0700] "OPTIONS * HTTP/1.0" 200 - "-" "Apache/2.4.6 (CentOS) PHP/5.4.16 mod_wsgi/3.4 Python/2.7.5 (internal dummy connection)"
::1 - - [28/Jun/2015:15:24:19 -0700] "OPTIONS * HTTP/1.0" 200 - "-" "Apache/2.4.6 (CentOS) PHP/5.4.16 mod_wsgi/3.4 Python/2.7.5 (internal dummy connection)"
::1 - - [28/Jun/2015:15:24:19 -0700] "OPTIONS * HTTP/1.0" 200 - "-" "Apache/2.4.6 (CentOS) PHP/5.4.16 mod_wsgi/3.4 Python/2.7.5 (internal dummy connection)"
::1 - - [28/Jun/2015:15:24:19 -0700] "OPTIONS * HTTP/1.0" 200 - "-" "Apache/2.4.6 (CentOS) PHP/5.4.16 mod_wsgi/3.4 Python/2.7.5 (internal dummy connection)"
::1 - - [28/Jun/2015:22:24:19 +0000] "OPTIONS * HTTP/1.0" 200 - "-" "Apache/2.4.6 (CentOS) PHP/5.4.16 mod_wsgi/3.4 Python/2.7.5 (internal dummy connection)"
108.239.135.40 - - [28/Jun/2015:22:24:37 +0000] "GET /cars/BMW-M6-F12-Coupe-2014/ HTTP/1.1" 200 326 "http://djangotest.sfvue.com/cars/" "Mozilla/5.0 (Macintosh; Intel Mac OS X 10_9_5) AppleWebKit/537.36 (KHTML, like Gecko) Chrome/43.0.2357.130 Safari/537.36"
108.239.135.40 - - [28/Jun/2015:22:24:37 +0000] "GET /static/css/car.css HTTP/1.1" 304 - "http://djangotest.sfvue.com/cars/BMW-M6-F12-Coupe-2014/" "Mozilla/5.0 (Macintosh; Intel Mac OS X 10_9_5) AppleWebKit/537.36 (KHTML, like Gecko) Chrome/43.0.2357.130 Safari/537.36"
